// Jest Snapshot v1, https://goo.gl/fbAQLP

exports[`renders ClinicianInfo correctly 1`] = `
<div
  className="MuiPaper-root MuiPaper-elevation MuiPaper-rounded MuiPaper-elevation1 MuiCard-root container css-bhp9pd-MuiPaper-root-MuiCard-root"
>
  <div
    className="name"
  >
    <div
      className="container"
    >
      <div
        className="text"
      >
        Dr
      </div>
      <div
        className="text"
      >
        (Josh)
      </div>
      <div
        className="text"
      />
      <div
        className="text"
      >
        Smith
      </div>
      <div
        className="text"
      />
    </div>
    <button
      className="MuiButtonBase-root MuiButton-root MuiButton-outlined MuiButton-outlinedPrimary MuiButton-sizeMedium MuiButton-outlinedSizeMedium MuiButton-root MuiButton-outlined MuiButton-outlinedPrimary MuiButton-sizeMedium MuiButton-outlinedSizeMedium css-1rwt2y5-MuiButtonBase-root-MuiButton-root"
      disabled={false}
      onBlur={[Function]}
      onClick={[Function]}
      onContextMenu={[Function]}
      onDragLeave={[Function]}
      onFocus={[Function]}
      onKeyDown={[Function]}
      onKeyUp={[Function]}
      onMouseDown={[Function]}
      onMouseLeave={[Function]}
      onMouseUp={[Function]}
      onTouchEnd={[Function]}
      onTouchMove={[Function]}
      onTouchStart={[Function]}
      tabIndex={0}
      type="button"
    >
      Logout
    </button>
  </div>
  <div
    className="container"
  >
    <div
      className="name"
    >
      Username
      :
    </div>
    <span
      className="MuiTypography-root MuiTypography-overline css-1kdyykn-MuiTypography-root"
    >
      joshs
    </span>
  </div>
  <div
    className="container"
  >
    <div
      className="name"
    >
      Role
      :
    </div>
    <span
      className="MuiTypography-root MuiTypography-overline css-1kdyykn-MuiTypography-root"
    >
      General Practitioner
    </span>
  </div>
</div>
`;
