// Jest Snapshot v1, https://goo.gl/fbAQLP

exports[`renders PatientDetail correctly 1`] = `
<div>
  <span
    class="MuiSkeleton-root MuiSkeleton-rectangular MuiSkeleton-pulse css-58ftfq-MuiSkeleton-root"
    style="width: 800px; height: 300px;"
  />
</div>
`;
