// Jest Snapshot v1, https://goo.gl/fbAQLP

exports[`renders Name correctly 1`] = `
<div
  className="container"
>
  <div
    className="text"
  >
    Dr
  </div>
  <div
    className="text"
  >
    (Josh)
  </div>
  <div
    className="text"
  />
  <div
    className="text"
  >
    Smith
  </div>
  <div
    className="text"
  />
</div>
`;
